// Jest Snapshot v1, https://goo.gl/fbAQLP

exports[`Tag renders correctly 1`] = `
<DocumentFragment>
  <span
    class="css-1ms1p9r"
  >
    A
  </span>
  <span
    class="css-1ms1p9r"
  >
    <span
      class="css-1h8gyx6"
    >
      B
    </span>
    <button
      class="css-pi0mvu"
    >
      <svg
        class="css-vp3v0l"
        focusable="false"
        role="presentation"
        viewBox="0 0 512 512"
      >
        <path
          d="M289.94 256l95-95A24 24 0 00351 127l-95 95-95-95a24 24 0 00-34 34l95 95-95 95a24 24 0 1034 34l95-95 95 95a24 24 0 0034-34z"
          fill="currentColor"
        />
      </svg>
    </button>
  </span>
  <span
    class="css-1ms1p9r"
  >
    <svg
      class="css-ydks6r"
      data-chakra-custom-icon=""
      focusable="false"
      role="presentation"
      viewBox="0 0 24 24"
    >
      <path
        d="M0,12a1.5,1.5,0,0,0,1.5,1.5h8.75a.25.25,0,0,1,.25.25V22.5a1.5,1.5,0,0,0,3,0V13.75a.25.25,0,0,1,.25-.25H22.5a1.5,1.5,0,0,0,0-3H13.75a.25.25,0,0,1-.25-.25V1.5a1.5,1.5,0,0,0-3,0v8.75a.25.25,0,0,1-.25.25H1.5A1.5,1.5,0,0,0,0,12Z"
        fill="currentColor"
      />
    </svg>
    <span
      class="css-1h8gyx6"
    >
      C
    </span>
    <button
      class="css-pi0mvu"
    >
      <svg
        class="css-vp3v0l"
        focusable="false"
        role="presentation"
        viewBox="0 0 512 512"
      >
        <path
          d="M289.94 256l95-95A24 24 0 00351 127l-95 95-95-95a24 24 0 00-34 34l95 95-95 95a24 24 0 1034 34l95-95 95 95a24 24 0 0034-34z"
          fill="currentColor"
        />
      </svg>
    </button>
  </span>
</DocumentFragment>
`;
