// Jest Snapshot v1, https://goo.gl/fbAQLP

exports[`CircularProgress renders correctly 1`] = `
<DocumentFragment>
  <div>
    <div
      aria-valuemax="100"
      aria-valuemin="0"
      aria-valuenow="20"
      class="css-1y6yrgs"
      data-chakra-progress=""
      role="progressbar"
    >
      <svg
        class="css-yqm9dt"
        viewBox="0 0 100 100"
      >
        <circle
          class="css-1bhxzgy"
          cx="50"
          cy="50"
          data-chakra-progress-track=""
          r="42"
          stroke-width="10px"
        />
        <circle
          class="css-19d1oa6"
          cx="50"
          cy="50"
          data-chakra-progress-indicator=""
          r="42"
          stroke-dasharray="52.800000000000004 211.2"
          stroke-dashoffset="66"
          stroke-width="10px"
        />
      </svg>
    </div>
    <div
      aria-valuemax="100"
      aria-valuemin="0"
      aria-valuenow="60"
      class="css-2sdpfm"
      data-chakra-progress=""
      role="progressbar"
    >
      <svg
        class="css-wslvd"
        viewBox="0 0 100 100"
      >
        <circle
          class="css-10yax4m"
          cx="50"
          cy="50"
          data-chakra-progress-track=""
          r="42"
          stroke-width="10"
        />
        <circle
          class="css-19d1oa6"
          cx="50"
          cy="50"
          data-chakra-progress-indicator=""
          r="42"
          stroke-dasharray="158.4 105.6"
          stroke-dashoffset="66"
          stroke-width="10"
        />
      </svg>
    </div>
  </div>
</DocumentFragment>
`;

exports[`Progress renders correctly 1`] = `
<DocumentFragment>
  <div>
    <div
      class="css-1u9qiqa"
    >
      <div
        aria-valuemax="100"
        aria-valuemin="0"
        aria-valuenow="20"
        class="css-itu61o"
        role="progressbar"
      />
    </div>
    <div
      class="css-1cnp07i"
    >
      <div
        aria-valuemax="100"
        aria-valuemin="0"
        aria-valuenow="40"
        class="css-ho6rpv"
        role="progressbar"
      />
    </div>
    <div
      class="css-r4wshk"
    >
      <div
        aria-valuemax="100"
        aria-valuemin="0"
        aria-valuenow="80"
        class="css-l6d435"
        role="progressbar"
      />
    </div>
  </div>
</DocumentFragment>
`;
