// Jest Snapshot v1, https://goo.gl/fbAQLP

exports[`Switch renders correctly 1`] = `
<DocumentFragment>
  <label
    class="chakra-switch css-v7ibj3"
  >
    <input
      class="chakra-switch__input"
      style="border: 0px; clip: rect(0px, 0px, 0px, 0px); height: 1px; width: 1px; margin: -1px; padding: 0px; overflow: hidden; white-space: nowrap; position: absolute;"
      type="checkbox"
      value=""
    />
    <div
      aria-hidden="true"
      class="chakra-switch__track css-1qiw92k"
    >
      <div
        class="chakra-switch__thumb css-6y46ei"
      />
    </div>
  </label>
</DocumentFragment>
`;
