// Jest Snapshot v1, https://goo.gl/fbAQLP

exports[`ButtonGroup renders correctly 1`] = `
<DocumentFragment>
  <div
    class="chakra-button__group css-15xvw7i"
    role="group"
  >
    <button
      class="chakra-button css-1gkcy1z"
      type="button"
    >
      Button 1
    </button>
    <button
      class="chakra-button css-1gkcy1z"
      type="button"
    >
      Button 2
    </button>
    <button
      class="chakra-button css-1gkcy1z"
      type="button"
    >
      Button 3
    </button>
    <button
      class="chakra-button css-1gkcy1z"
      type="button"
    >
      Button 4
    </button>
  </div>
</DocumentFragment>
`;
