// Jest Snapshot v1, https://goo.gl/fbAQLP

exports[`Collapse renders correctly 1`] = `
<DocumentFragment>
  <div
    aria-hidden="true"
    class="chakra-collapse"
    style="height: 0px; opacity: 0; transition: height 200ms ease, opacity 200ms ease, transform 200ms ease; overflow: hidden; will-change: height, opacity;"
  >
    <div>
      sfsjdfkbfkjdfdjksf
    </div>
  </div>
</DocumentFragment>
`;
