// Jest Snapshot v1, https://goo.gl/fbAQLP

exports[`Textarea renders correctly 1`] = `
<DocumentFragment>
  <textarea
    class="chakra-textarea css-4wn8bt"
  >
    hello
  </textarea>
</DocumentFragment>
`;
