// Jest Snapshot v1, https://goo.gl/fbAQLP

exports[`should get color mode and theme 1`] = `
<DocumentFragment>
  [
  "colorMode",
  "setColorMode",
  "theme"
]
</DocumentFragment>
`;
