// Jest Snapshot v1, https://goo.gl/fbAQLP

exports[`should match snapshot 1`] = `
<DocumentFragment>
  <div
    class="chakra-editable"
  >
    <span
      class="chakra-editable__preview css-gsjxgq"
      data-testid="preview"
      tabindex="0"
    >
      testing
    </span>
    <input
      class="chakra-editable__input css-1qupasc"
      data-testid="input"
      hidden=""
      value="testing"
    />
  </div>
</DocumentFragment>
`;
