// Jest Snapshot v1, https://goo.gl/fbAQLP

exports[`matches snapshot 1`] = `
<DocumentFragment>
  .emotion-1 {
  cursor: text;
  display: inline-block;
  font-size: inherit;
  font-weight: inherit;
  text-align: inherit;
  background: transparent;
  border-radius: 0.375rem;
  padding-top: 3px;
  padding-bottom: 3px;
  -webkit-transition: all 0.2s;
  transition: all 0.2s;
}

.emotion-2 {
  outline: 0;
  font-size: inherit;
  font-weight: inherit;
  text-align: inherit;
  background: transparent;
  border-radius: 0.375rem;
  padding-top: 3px;
  padding-bottom: 3px;
  -webkit-transition: all 0.2s;
  transition: all 0.2s;
  width: 100%;
}

.emotion-2:focus,
.emotion-2[data-focus] {
  box-shadow: 0 0 0 3px rgba(66, 153, 225, 0.6);
}

.emotion-2::-webkit-input-placeholder {
  opacity: 0.6;
}

.emotion-2::-moz-placeholder {
  opacity: 0.6;
}

.emotion-2:-ms-input-placeholder {
  opacity: 0.6;
}

.emotion-2::placeholder {
  opacity: 0.6;
}

<div
    class="chakra-editable emotion-0"
  >
    <span
      class="chakra-editable__preview emotion-1"
      data-testid="preview"
      tabindex="0"
    >
      testing
    </span>
    <input
      class="chakra-editable__input emotion-2"
      data-testid="input"
      hidden=""
      value="testing"
    />
  </div>
</DocumentFragment>
`;
