// Jest Snapshot v1, https://goo.gl/fbAQLP

exports[`should render correctly 1`] = `
<DocumentFragment>
  <div
    class="chakra-portal-manager"
  >
    <div
      class="chakra-portal"
    >
      <div
        aria-hidden="true"
        data-aria-hidden="true"
        data-focus-guard="true"
        style="width: 1px; height: 0px; padding: 0px; overflow: hidden; position: fixed; top: 1px; left: 1px;"
        tabindex="0"
      />
      <div
        aria-hidden="true"
        data-aria-hidden="true"
        data-focus-guard="true"
        style="width: 1px; height: 0px; padding: 0px; overflow: hidden; position: fixed; top: 1px; left: 1px;"
        tabindex="1"
      />
      <div
        data-focus-lock-disabled="false"
      >
        <div
          class="chakra-modal__overlay css-1klbp1o"
        >
          <section
            aria-describedby="chakra-modal--body-1"
            aria-labelledby="chakra-modal--header-1"
            aria-modal="true"
            class="chakra-modal__content css-1l02ijt"
            id="chakra-modal-1"
            role="dialog"
            tabindex="-1"
          >
            <header
              class="chakra-modal__header css-ohklxy"
              id="chakra-modal--header-1"
            >
              Modal header
            </header>
            <button
              aria-label="Close"
              class="chakra-modal__close-btn css-wvhjba"
              type="button"
            >
              <svg
                aria-hidden="true"
                class="chakra-icon css-9na4ut"
                focusable="false"
                role="presentation"
                viewBox="0 0 24 24"
              >
                <path
                  d="M.439,21.44a1.5,1.5,0,0,0,2.122,2.121L11.823,14.3a.25.25,0,0,1,.354,0l9.262,9.263a1.5,1.5,0,1,0,2.122-2.121L14.3,12.177a.25.25,0,0,1,0-.354l9.263-9.262A1.5,1.5,0,0,0,21.439.44L12.177,9.7a.25.25,0,0,1-.354,0L2.561.44A1.5,1.5,0,0,0,.439,2.561L9.7,11.823a.25.25,0,0,1,0,.354Z"
                  fill="currentColor"
                />
              </svg>
            </button>
            <div
              class="chakra-modal__body css-3ntn22"
              id="chakra-modal--body-1"
            >
              Modal body
            </div>
            <footer
              class="chakra-modal__footer css-g6i3l1"
            >
              Modal footer
            </footer>
          </section>
        </div>
      </div>
      <div
        aria-hidden="true"
        data-aria-hidden="true"
        data-focus-guard="true"
        style="width: 1px; height: 0px; padding: 0px; overflow: hidden; position: fixed; top: 1px; left: 1px;"
        tabindex="0"
      />
    </div>
  </div>
</DocumentFragment>
`;
