// Jest Snapshot v1, https://goo.gl/fbAQLP

exports[`should render correctly 1`] = `
<DocumentFragment>
  <label
    for="input"
  >
    Select number:
  </label>
  .emotion-0 {
  position: relative;
  z-index: 0;
}

.emotion-1 {
  width: 100%;
  outline: 0;
  position: relative;
  -webkit-appearance: none;
  -moz-appearance: none;
  -ms-appearance: none;
  appearance: none;
  -webkit-transition: all 0.2s;
  transition: all 0.2s;
  font-size: 1rem;
  padding-left: 1rem;
  padding-right: 1rem;
  height: 2.5rem;
  border-radius: 0.375rem;
  border: 1px solid;
  border-color: inherit;
  background: inherit;
}

.emotion-1:hover,
.emotion-1[data-hover] {
  border-color: #CBD5E0;
}

.emotion-1[aria-readonly=true],
.emotion-1[readonly],
.emotion-1[data-readonly] {
  box-shadow: none!important;
  -webkit-user-select: all;
  -moz-user-select: all;
  -ms-user-select: all;
  user-select: all;
}

.emotion-1[disabled],
.emotion-1[disabled]:focus,
.emotion-1[disabled]:hover,
.emotion-1[aria-disabled=true],
.emotion-1[aria-disabled=true]:focus,
.emotion-1[aria-disabled=true]:hover,
.emotion-1[data-disabled],
.emotion-1[data-disabled]:focus,
.emotion-1[data-disabled]:hover {
  opacity: 0.4;
  cursor: not-allowed;
}

.emotion-1[aria-invalid=true],
.emotion-1[data-invalid] {
  border-color: #E53E3E;
  box-shadow: 0 0 0 1px #E53E3E;
}

.emotion-1:focus,
.emotion-1[data-focus] {
  z-index: 1;
  border-color: #3182ce;
  box-shadow: 0 0 0 1px #3182ce;
}

.emotion-2 {
  display: -webkit-box;
  display: -webkit-flex;
  display: -ms-flexbox;
  display: flex;
  -webkit-flex-direction: column;
  -ms-flex-direction: column;
  flex-direction: column;
  position: absolute;
  top: 0;
  right: 0px;
  margin: 1px;
  height: calc(100% - 2px);
  z-index: 1;
  width: 24px;
}

.emotion-3 {
  border-left: 1px solid;
  border-color: inherit;
  color: inherit;
  font-size: 10px;
  display: -webkit-box;
  display: -webkit-flex;
  display: -ms-flexbox;
  display: flex;
  -webkit-box-pack: center;
  -ms-flex-pack: center;
  -webkit-justify-content: center;
  justify-content: center;
  -webkit-align-items: center;
  -webkit-box-align: center;
  -ms-flex-align: center;
  align-items: center;
  -webkit-flex: 1;
  -ms-flex: 1;
  flex: 1;
  -webkit-transition: all 0.3s;
  transition: all 0.3s;
  -webkit-user-select: none;
  -moz-user-select: none;
  -ms-user-select: none;
  user-select: none;
  cursor: pointer;
  line-height: normal;
}

.emotion-3:active,
.emotion-3[data-active] {
  background: #E2E8F0;
}

.emotion-3[disabled],
.emotion-3[disabled]:focus,
.emotion-3[disabled]:hover,
.emotion-3[aria-disabled=true],
.emotion-3[aria-disabled=true]:focus,
.emotion-3[aria-disabled=true]:hover,
.emotion-3[data-disabled],
.emotion-3[data-disabled]:focus,
.emotion-3[data-disabled]:hover {
  opacity: 0.4;
  cursor: not-allowed;
}

.emotion-3:first-of-type {
  border-top-right-radius: 0.375rem;
}

.emotion-3:last-of-type {
  border-bottom-right-radius: 0.375rem;
  margin-top: -1px;
  border-top-width: 1px;
}

<div
    class="emotion-0"
    data-testid="root"
  >
    <input
      aria-valuemax="9007199254740991"
      aria-valuemin="-9007199254740991"
      autocomplete="off"
      autocorrect="off"
      class="emotion-1"
      data-testid="input"
      id="input"
      inputmode="decimal"
      pattern="[0-9]*(.[0-9]+)?"
      role="spinbutton"
      type="text"
      value=""
    />
    <div
      aria-hidden="true"
      class="emotion-2"
      data-testid="group"
    >
      <div
        class="emotion-3"
        data-testid="up-btn"
        role="button"
        tabindex="-1"
      >
        +
      </div>
      <div
        class="emotion-3"
        data-testid="down-btn"
        role="button"
        tabindex="-1"
      >
        -
      </div>
    </div>
  </div>
</DocumentFragment>
`;
