// Jest Snapshot v1, https://goo.gl/fbAQLP

exports[`Breadcrumb renders correctly 1`] = `
<DocumentFragment>
  <nav
    aria-label="breadcrumb"
    class="chakra-breadcrumb"
  >
    <ol
      class="chakra-breadcrumb__list"
    >
      <li
        class="chakra-breadcrumb__list-item css-uooi3e"
      >
        <a
          class="chakra-breadcrumb__link css-1ceyw39"
          href="#"
        >
          Link 1
        </a>
        <span
          class="css-dp0f2t"
          role="presentation"
        >
          /
        </span>
      </li>
      <li
        class="chakra-breadcrumb__list-item css-uooi3e"
      >
        <a
          class="chakra-breadcrumb__link css-1ceyw39"
          href="#"
        >
          Link 2
        </a>
        <span
          class="css-dp0f2t"
          role="presentation"
        >
          /
        </span>
      </li>
      <li
        class="chakra-breadcrumb__list-item css-uooi3e"
      >
        <span
          aria-current="page"
          class="chakra-breadcrumb__link"
        >
          Link 3
        </span>
      </li>
    </ol>
  </nav>
</DocumentFragment>
`;
