// Jest Snapshot v1, https://goo.gl/fbAQLP

exports[`Button renders correctly 1`] = `
<DocumentFragment>
  <div
    class="chakra-accordion"
  >
    <div
      class="chakra-accordion__item css-1wbdjbz"
    >
      <button
        aria-controls="accordion-panel-1"
        aria-expanded="false"
        class="chakra-accordion__button css-6g63oq"
        id="accordion-button-1"
      >
        Section 1 title
      </button>
      <div
        hidden=""
        id="collapse-mock"
      >
        <div
          aria-labelledby="accordion-button-1"
          class="chakra-accordion__panel css-wxchgh"
          id="accordion-panel-1"
          role="region"
        >
          Panel 1
        </div>
      </div>
    </div>
  </div>
</DocumentFragment>
`;
