// Jest Snapshot v1, https://goo.gl/fbAQLP

exports[`Collapse renders correctly 1`] = `
<DocumentFragment>
  <div
    aria-hidden="true"
    style="height: 0px; overflow: hidden; opacity: 0;"
  >
    <div>
      sfsjdfkbfkjdfdjksf
    </div>
  </div>
  <div
    class="__chakra--portal-manager"
  />
</DocumentFragment>
`;
