// Jest Snapshot v1, https://goo.gl/fbAQLP

exports[`Breadcrumb renders correctly 1`] = `
<DocumentFragment>
  <nav
    aria-label="breadcrumb"
    class="css-0"
  >
    <ol
      class="css-0"
    >
      <li
        class="css-18biwo"
      >
        <a
          class="css-0"
          href="#"
        >
          Link 1
        </a>
        <span
          class="css-dp0f2t"
          role="presentation"
        >
          /
        </span>
      </li>
      <li
        class="css-18biwo"
      >
        <a
          class="css-0"
          href="#"
        >
          Link 2
        </a>
        <span
          class="css-dp0f2t"
          role="presentation"
        >
          /
        </span>
      </li>
      <li
        class="css-18biwo"
      >
        <a
          class="css-0"
        >
          Link 3
        </a>
      </li>
    </ol>
  </nav>
</DocumentFragment>
`;
